../bsp/ds1307.c:22:9:DS1307_Init	16	static
../bsp/ds1307.c:36:6:DS1307_Set_Current_Time	24	static
../bsp/ds1307.c:51:6:DS1307_Get_Current_Time	24	static
../bsp/ds1307.c:71:6:DS1307_Set_Current_Date	16	static
../bsp/ds1307.c:77:6:DS1307_Get_Current_Date	16	static
../bsp/ds1307.c:84:13:ds1307_i2c_pin_config	24	static
../bsp/ds1307.c:100:13:ds1307_i2c_config	8	static
../bsp/ds1307.c:107:13:ds1307_write	32	static
../bsp/ds1307.c:113:16:ds1307_read	32	static
../bsp/ds1307.c:120:16:bcd_to_binary	24	static
../bsp/ds1307.c:127:16:binary_to_bcd	24	static
